Menu Principal
1 - Novo
2 - Abrir
3 - Guardar
4 - Menu de Edição
5 - Menu de Consultas
0 - Sair
Escolha uma opção: Menu de Edição
1 - Visualizar
2 - Inserir
3 - Copiar
4 - Apagar
5 - Cortar
6 - Colar
7 - Mostrar 'cut buffer'
0 - Sair
Escolha uma opção: Especifique a gama (startline;startcol:endline;endcol): 4;3|#VALUE=DIV(2;2,0)
Menu de Edição
1 - Visualizar
2 - Inserir
3 - Copiar
4 - Apagar
5 - Cortar
6 - Colar
7 - Mostrar 'cut buffer'
0 - Sair
Escolha uma opção: Menu Principal
1 - Novo
2 - Abrir
3 - Guardar
4 - Menu de Edição
5 - Menu de Consultas
0 - Sair
Escolha uma opção: 