Menu Principal
1 - Novo
2 - Abrir
0 - Sair
Escolha uma opção: Ficheiro a abrir: Abrir: Operação inválida: Problema ao abrir ficheiro: Erro a processar ficheiro saved10
Menu Principal
1 - Novo
2 - Abrir
0 - Sair
Escolha uma opção: 